[2026/01/08 17:38:03]: §9          __             _       
[2026/01/08 17:38:03]: §9  _ __   / /  ___   __ _(_)_ __  
[2026/01/08 17:38:03]: §9 | '_ \ / /  / _ \ / _` | | '_ \ 
[2026/01/08 17:38:03]: §9 | | | / /__| (_) | (_| | | | | |
[2026/01/08 17:38:03]: §9 |_| |_\____/\___/ \__, |_|_| |_|
[2026/01/08 17:38:03]: §9                  |___/            
[2026/01/08 17:38:03]: §9 By: www.nickuc.com - V 10.4.23
[2026/01/08 17:38:03]: §9 
[2026/01/08 17:38:04]: §3[nLogin] [DEBUG] All settings were loaded in 240 ms.
[2026/01/08 17:38:04]: §3[nLogin] [DEBUG] Loading the messages_es.yml message file...
[2026/01/08 17:38:04]: §3[nLogin] [DEBUG] All plugin messages were loaded in 156 ms (languageByClient=false).
[2026/01/08 17:38:04]: §3[nLogin] [DEBUG] All proxy settings were loaded in 4 ms.
[2026/01/08 17:38:04]: §3[nLogin] [DEBUG] Loading database...
[2026/01/08 17:38:05]: §3[nLogin] [DEBUG] Starting logger filter...
[2026/01/08 17:40:23]: §3[nLogin] [DEBUG] [SQLite] [UPDATE]: "UPDATE `nlogin` SET `last_name` = 'Mdinqt', `unique_id` = f1afec0ddcc839178765ef5f0051b637,  `mojang_id` = null,  `bedrock_id` = null,  `password` = '$2a$10$kZ4bPIg7VGvwr2DBUtD9euUajnmpFFDhRAHyt/DfISPS/twL7ECsG', `last_ip` = '127.3.70.138', `creation_date` = 2024-12-14 16:55:52.09, `last_seen` = 2026-01-08 17:40:23.206, `email` = null, `discord` = null, `settings` = '{"settings":[{"value":"es","key":"language"}],"version":0}' WHERE `ai` = 1" (applied to [last_ip, last_seen, settings] columns)
[2026/01/08 17:40:23]: [nLogin] The user Mdinqt has successfully logged in.
[2026/01/08 18:01:08]: §3[nLogin] [DEBUG] [SQLite] [UPDATE]: "INSERT INTO `nlogin` (`last_name`, `unique_id`, `mojang_id`, `bedrock_id`, `password`, `last_ip`, `creation_date`, `last_seen`, `email`, `discord`, `settings`) VALUES ('Zetit0', 2788d70bf5523c6ab041f544c7392cd7, null, null, '$2a$10$YyTnySx8TsWCkSqAlkUfMuG3HOCVzzUEw3/q5LqX0vW/RAMoT4EVa', '127.108.84.97', '2026-01-08 18:01:07.873', '2026-01-08 18:01:07.873', null, null, '{"settings":[{"value":true,"key":"force-invalid-session"}],"version":0}')" (applied to all columns)
[2026/01/08 18:01:08]: [nLogin] The user Zetit0 has successfully registered.
[2026/01/08 18:09:48]: §3[nLogin] [DEBUG] [SQLite] [UPDATE]: "UPDATE `nlogin` SET `last_name` = 'Zetit0', `unique_id` = 2788d70bf5523c6ab041f544c7392cd7,  `mojang_id` = null,  `bedrock_id` = null,  `password` = '$2a$10$YyTnySx8TsWCkSqAlkUfMuG3HOCVzzUEw3/q5LqX0vW/RAMoT4EVa', `last_ip` = '127.108.84.97', `creation_date` = 2026-01-08 18:01:07.873, `last_seen` = 2026-01-08 18:09:48.016, `email` = null, `discord` = null, `settings` = '{"settings":[{"value":true,"key":"force-invalid-session"},{"value":"es","key":"language"}],"version":0}' WHERE `ai` = 6" (applied to [last_seen, settings] columns)
[2026/01/08 18:51:39]: §3[nLogin] [DEBUG] [SQLite] [UPDATE]: "UPDATE `nlogin` SET `last_name` = 'Mdinqt', `unique_id` = f1afec0ddcc839178765ef5f0051b637,  `mojang_id` = null,  `bedrock_id` = null,  `password` = '$2a$10$kZ4bPIg7VGvwr2DBUtD9euUajnmpFFDhRAHyt/DfISPS/twL7ECsG', `last_ip` = '127.3.70.138', `creation_date` = 2024-12-14 16:55:52.09, `last_seen` = 2026-01-08 18:51:39.55, `email` = null, `discord` = null, `settings` = '{"settings":[{"value":"es","key":"language"}],"version":0}' WHERE `ai` = 1" (applied to [last_seen, settings] columns)
[2026/01/08 18:51:48]: [nLogin] Successful plugin core shutdown (took 0.00s)
