[2026/02/05 17:28:14]: §9          __             _       
[2026/02/05 17:28:14]: §9  _ __   / /  ___   __ _(_)_ __  
[2026/02/05 17:28:14]: §9 | '_ \ / /  / _ \ / _` | | '_ \ 
[2026/02/05 17:28:14]: §9 | | | / /__| (_) | (_| | | | | |
[2026/02/05 17:28:14]: §9 |_| |_\____/\___/ \__, |_|_| |_|
[2026/02/05 17:28:14]: §9                  |___/            
[2026/02/05 17:28:14]: §9 By: www.nickuc.com - V 10.4.25
[2026/02/05 17:28:14]: §9 
[2026/02/05 17:28:14]: §3[nLogin] [DEBUG] All settings were loaded in 94 ms.
[2026/02/05 17:28:14]: §3[nLogin] [DEBUG] Loading the messages_es.yml message file...
[2026/02/05 17:28:14]: §3[nLogin] [DEBUG] All plugin messages were loaded in 44 ms (languageByClient=false).
[2026/02/05 17:28:14]: §3[nLogin] [DEBUG] All proxy settings were loaded in 2 ms.
[2026/02/05 17:28:14]: §3[nLogin] [DEBUG] Loading database...
[2026/02/05 17:28:14]: §3[nLogin] [DEBUG] Starting logger filter...
[2026/02/05 17:31:04]: §3[nLogin] [DEBUG] [SQLite] [UPDATE]: "UPDATE `nlogin` SET `last_name` = 'Mdinqt', `unique_id` = f1afec0ddcc839178765ef5f0051b637,  `mojang_id` = null,  `bedrock_id` = null,  `password` = '$2a$10$kZ4bPIg7VGvwr2DBUtD9euUajnmpFFDhRAHyt/DfISPS/twL7ECsG', `last_ip` = '100.92.140.104', `creation_date` = 2024-12-14 16:55:52.09, `last_seen` = 2026-02-05 17:31:04.557, `email` = null, `discord` = null, `settings` = '{"settings":[{"value":"es","key":"language"}],"version":0}' WHERE `ai` = 1" (applied to [last_ip, last_seen, settings] columns)
[2026/02/05 17:31:04]: [nLogin] The user Mdinqt has successfully logged in.
[2026/02/05 19:02:44]: §3[nLogin] [DEBUG] [SQLite] [UPDATE]: "UPDATE `nlogin` SET `last_name` = 'Mdinqt', `unique_id` = f1afec0ddcc839178765ef5f0051b637,  `mojang_id` = null,  `bedrock_id` = null,  `password` = '$2a$10$kZ4bPIg7VGvwr2DBUtD9euUajnmpFFDhRAHyt/DfISPS/twL7ECsG', `last_ip` = '100.92.140.104', `creation_date` = 2024-12-14 16:55:52.09, `last_seen` = 2026-02-05 19:02:44.277, `email` = null, `discord` = null, `settings` = '{"settings":[{"value":"es","key":"language"}],"version":0}' WHERE `ai` = 1" (applied to [last_seen, settings] columns)
[2026/02/05 19:07:56]: §3[nLogin] [DEBUG] [SQLite] [UPDATE]: "UPDATE `nlogin` SET `last_name` = 'Mdinqt', `unique_id` = f1afec0ddcc839178765ef5f0051b637,  `mojang_id` = null,  `bedrock_id` = null,  `password` = '$2a$10$kZ4bPIg7VGvwr2DBUtD9euUajnmpFFDhRAHyt/DfISPS/twL7ECsG', `last_ip` = '100.92.140.104', `creation_date` = 2024-12-14 16:55:52.09, `last_seen` = 2026-02-05 19:07:56.465, `email` = null, `discord` = null, `settings` = '{"settings":[{"value":"es","key":"language"}],"version":0}' WHERE `ai` = 1" (applied to [last_ip, last_seen, settings] columns)
[2026/02/05 19:07:56]: [nLogin] The user Mdinqt has successfully logged in.
[2026/02/05 19:59:19]: §3[nLogin] [DEBUG] [SQLite] [UPDATE]: "UPDATE `nlogin` SET `last_name` = 'Mdinqt', `unique_id` = f1afec0ddcc839178765ef5f0051b637,  `mojang_id` = null,  `bedrock_id` = null,  `password` = '$2a$10$kZ4bPIg7VGvwr2DBUtD9euUajnmpFFDhRAHyt/DfISPS/twL7ECsG', `last_ip` = '100.92.140.104', `creation_date` = 2024-12-14 16:55:52.09, `last_seen` = 2026-02-05 19:59:19.168, `email` = null, `discord` = null, `settings` = '{"settings":[{"value":"es","key":"language"}],"version":0}' WHERE `ai` = 1" (applied to [last_seen, settings] columns)
[2026/02/05 19:59:25]: [nLogin] Successful plugin core shutdown (took 0.00s)
