[2026/01/29 03:34:14]: §9          __             _       
[2026/01/29 03:34:14]: §9  _ __   / /  ___   __ _(_)_ __  
[2026/01/29 03:34:14]: §9 | '_ \ / /  / _ \ / _` | | '_ \ 
[2026/01/29 03:34:14]: §9 | | | / /__| (_) | (_| | | | | |
[2026/01/29 03:34:14]: §9 |_| |_\____/\___/ \__, |_|_| |_|
[2026/01/29 03:34:14]: §9                  |___/            
[2026/01/29 03:34:14]: §9 By: www.nickuc.com - V 10.4.25
[2026/01/29 03:34:14]: §9 
[2026/01/29 03:34:14]: §3[nLogin] [DEBUG] All settings were loaded in 202 ms.
[2026/01/29 03:34:14]: §3[nLogin] [DEBUG] Loading the messages_es.yml message file...
[2026/01/29 03:34:14]: §3[nLogin] [DEBUG] All plugin messages were loaded in 47 ms (languageByClient=false).
[2026/01/29 03:34:14]: §3[nLogin] [DEBUG] All proxy settings were loaded in 3 ms.
[2026/01/29 03:34:14]: §3[nLogin] [DEBUG] Loading database...
[2026/01/29 03:34:14]: §3[nLogin] [DEBUG] Starting logger filter...
[2026/01/29 03:35:49]: §3[nLogin] [DEBUG] [SQLite] [UPDATE]: "UPDATE `nlogin` SET `last_name` = 'Mdinqt', `unique_id` = f1afec0ddcc839178765ef5f0051b637,  `mojang_id` = null,  `bedrock_id` = null,  `password` = '$2a$10$kZ4bPIg7VGvwr2DBUtD9euUajnmpFFDhRAHyt/DfISPS/twL7ECsG', `last_ip` = '100.92.140.104', `creation_date` = 2024-12-14 16:55:52.09, `last_seen` = 2026-01-29 03:35:49.775, `email` = null, `discord` = null, `settings` = '{"settings":[{"value":"es","key":"language"}],"version":0}' WHERE `ai` = 1" (applied to [last_ip, last_seen, settings] columns)
[2026/01/29 03:35:49]: [nLogin] The user Mdinqt has successfully logged in.
[2026/01/29 04:07:33]: §3[nLogin] [DEBUG] [SQLite] [UPDATE]: "UPDATE `nlogin` SET `last_name` = 'Mdinqt', `unique_id` = f1afec0ddcc839178765ef5f0051b637,  `mojang_id` = null,  `bedrock_id` = null,  `password` = '$2a$10$kZ4bPIg7VGvwr2DBUtD9euUajnmpFFDhRAHyt/DfISPS/twL7ECsG', `last_ip` = '100.92.140.104', `creation_date` = 2024-12-14 16:55:52.09, `last_seen` = 2026-01-29 04:07:33.255, `email` = null, `discord` = null, `settings` = '{"settings":[{"value":"es","key":"language"}],"version":0}' WHERE `ai` = 1" (applied to [last_seen, settings] columns)
[2026/01/29 04:30:53]: §3[nLogin] [DEBUG] [SQLite] [UPDATE]: "UPDATE `nlogin` SET `last_name` = 'Mdinqt', `unique_id` = f1afec0ddcc839178765ef5f0051b637,  `mojang_id` = null,  `bedrock_id` = null,  `password` = '$2a$10$kZ4bPIg7VGvwr2DBUtD9euUajnmpFFDhRAHyt/DfISPS/twL7ECsG', `last_ip` = '100.92.140.104', `creation_date` = 2024-12-14 16:55:52.09, `last_seen` = 2026-01-29 04:30:53.263, `email` = null, `discord` = null, `settings` = '{"settings":[{"value":"es","key":"language"}],"version":0}' WHERE `ai` = 1" (applied to [last_ip, last_seen, settings] columns)
[2026/01/29 04:30:53]: [nLogin] The user Mdinqt has successfully logged in.
[2026/01/29 04:53:26]: §3[nLogin] [DEBUG] [SQLite] [UPDATE]: "UPDATE `nlogin` SET `last_name` = 'Mdinqt', `unique_id` = f1afec0ddcc839178765ef5f0051b637,  `mojang_id` = null,  `bedrock_id` = null,  `password` = '$2a$10$kZ4bPIg7VGvwr2DBUtD9euUajnmpFFDhRAHyt/DfISPS/twL7ECsG', `last_ip` = '100.92.140.104', `creation_date` = 2024-12-14 16:55:52.09, `last_seen` = 2026-01-29 04:53:26.548, `email` = null, `discord` = null, `settings` = '{"settings":[{"value":"es","key":"language"}],"version":0}' WHERE `ai` = 1" (applied to [last_seen, settings] columns)
[2026/01/29 04:53:35]: [nLogin] Successful plugin core shutdown (took 0.00s)
