[2026/01/12 01:01:00]: §9          __             _       
[2026/01/12 01:01:00]: §9  _ __   / /  ___   __ _(_)_ __  
[2026/01/12 01:01:00]: §9 | '_ \ / /  / _ \ / _` | | '_ \ 
[2026/01/12 01:01:00]: §9 | | | / /__| (_) | (_| | | | | |
[2026/01/12 01:01:00]: §9 |_| |_\____/\___/ \__, |_|_| |_|
[2026/01/12 01:01:00]: §9                  |___/            
[2026/01/12 01:01:00]: §9 By: www.nickuc.com - V 10.4.25
[2026/01/12 01:01:00]: §9 
[2026/01/12 01:01:00]: §3[nLogin] [DEBUG] All settings were loaded in 290 ms.
[2026/01/12 01:01:00]: §3[nLogin] [DEBUG] Loading the messages_es.yml message file...
[2026/01/12 01:01:00]: §3[nLogin] [DEBUG] All plugin messages were loaded in 80 ms (languageByClient=false).
[2026/01/12 01:01:00]: §3[nLogin] [DEBUG] All proxy settings were loaded in 4 ms.
[2026/01/12 01:01:00]: §3[nLogin] [DEBUG] Loading database...
[2026/01/12 01:01:01]: §3[nLogin] [DEBUG] Starting logger filter...
[2026/01/12 01:04:10]: §3[nLogin] [DEBUG] [SQLite] [UPDATE]: "UPDATE `nlogin` SET `last_name` = 'Mdinqt', `unique_id` = f1afec0ddcc839178765ef5f0051b637,  `mojang_id` = null,  `bedrock_id` = null,  `password` = '$2a$10$kZ4bPIg7VGvwr2DBUtD9euUajnmpFFDhRAHyt/DfISPS/twL7ECsG', `last_ip` = '127.3.70.138', `creation_date` = 2024-12-14 16:55:52.09, `last_seen` = 2026-01-12 01:04:10.584, `email` = null, `discord` = null, `settings` = '{"settings":[{"value":"es","key":"language"}],"version":0}' WHERE `ai` = 1" (applied to [last_ip, last_seen, settings] columns)
[2026/01/12 01:04:10]: [nLogin] The user Mdinqt has successfully logged in.
[2026/01/12 01:07:51]: §3[nLogin] [DEBUG] [SQLite] [UPDATE]: "INSERT INTO `nlogin` (`last_name`, `unique_id`, `mojang_id`, `bedrock_id`, `password`, `last_ip`, `creation_date`, `last_seen`, `email`, `discord`, `settings`) VALUES ('Canonet', 056ce5ddf2563656989a653cefc37954, null, null, '$2a$10$ajjpJGdvfyX0CRa8fzKS1eCZiDKuIM7AK5Xy9myAT6LzOxdWzUMw.', '127.168.19.34', '2026-01-12 01:07:51.457', '2026-01-12 01:07:51.457', null, null, '{"settings":[{"value":true,"key":"force-invalid-session"}],"version":0}')" (applied to all columns)
[2026/01/12 01:07:51]: [nLogin] The user Canonet has successfully registered.
[2026/01/12 01:25:13]: §3[nLogin] [DEBUG] [SQLite] [UPDATE]: "UPDATE `nlogin` SET `last_name` = 'Canonet', `unique_id` = 056ce5ddf2563656989a653cefc37954,  `mojang_id` = null,  `bedrock_id` = null,  `password` = '$2a$10$ajjpJGdvfyX0CRa8fzKS1eCZiDKuIM7AK5Xy9myAT6LzOxdWzUMw.', `last_ip` = '127.168.19.34', `creation_date` = 2026-01-12 01:07:51.457, `last_seen` = 2026-01-12 01:25:13.203, `email` = null, `discord` = null, `settings` = '{"settings":[{"value":true,"key":"force-invalid-session"},{"value":"es","key":"language"}],"version":0}' WHERE `ai` = 8" (applied to [last_seen, settings] columns)
[2026/01/12 01:25:15]: §3[nLogin] [DEBUG] [SQLite] [UPDATE]: "UPDATE `nlogin` SET `last_name` = 'Mdinqt', `unique_id` = f1afec0ddcc839178765ef5f0051b637,  `mojang_id` = null,  `bedrock_id` = null,  `password` = '$2a$10$kZ4bPIg7VGvwr2DBUtD9euUajnmpFFDhRAHyt/DfISPS/twL7ECsG', `last_ip` = '127.3.70.138', `creation_date` = 2024-12-14 16:55:52.09, `last_seen` = 2026-01-12 01:25:15.822, `email` = null, `discord` = null, `settings` = '{"settings":[{"value":"es","key":"language"}],"version":0}' WHERE `ai` = 1" (applied to [last_seen, settings] columns)
[2026/01/12 01:26:33]: [nLogin] Successful plugin core shutdown (took 0.00s)
