[2026/01/22 17:22:43]: §9          __             _       
[2026/01/22 17:22:44]: §9  _ __   / /  ___   __ _(_)_ __  
[2026/01/22 17:22:44]: §9 | '_ \ / /  / _ \ / _` | | '_ \ 
[2026/01/22 17:22:44]: §9 | | | / /__| (_) | (_| | | | | |
[2026/01/22 17:22:44]: §9 |_| |_\____/\___/ \__, |_|_| |_|
[2026/01/22 17:22:44]: §9                  |___/            
[2026/01/22 17:22:44]: §9 By: www.nickuc.com - V 10.4.25
[2026/01/22 17:22:44]: §9 
[2026/01/22 17:22:44]: §3[nLogin] [DEBUG] All settings were loaded in 249 ms.
[2026/01/22 17:22:44]: §3[nLogin] [DEBUG] Loading the messages_es.yml message file...
[2026/01/22 17:22:44]: §3[nLogin] [DEBUG] All plugin messages were loaded in 73 ms (languageByClient=false).
[2026/01/22 17:22:44]: §3[nLogin] [DEBUG] All proxy settings were loaded in 4 ms.
[2026/01/22 17:22:44]: §3[nLogin] [DEBUG] Loading database...
[2026/01/22 17:22:45]: §3[nLogin] [DEBUG] Starting logger filter...
[2026/01/22 17:26:32]: §3[nLogin] [DEBUG] [SQLite] [UPDATE]: "UPDATE `nlogin` SET `last_name` = 'Mdinqt', `unique_id` = f1afec0ddcc839178765ef5f0051b637,  `mojang_id` = null,  `bedrock_id` = null,  `password` = '$2a$10$kZ4bPIg7VGvwr2DBUtD9euUajnmpFFDhRAHyt/DfISPS/twL7ECsG', `last_ip` = '127.3.70.138', `creation_date` = 2024-12-14 16:55:52.09, `last_seen` = 2026-01-22 17:26:32.386, `email` = null, `discord` = null, `settings` = '{"settings":[{"value":"es","key":"language"}],"version":0}' WHERE `ai` = 1" (applied to [last_ip, last_seen, settings] columns)
[2026/01/22 17:26:32]: [nLogin] The user Mdinqt has successfully logged in.
[2026/01/22 18:02:42]: §3[nLogin] [DEBUG] [SQLite] [UPDATE]: "UPDATE `nlogin` SET `last_name` = 'Mdinqt', `unique_id` = f1afec0ddcc839178765ef5f0051b637,  `mojang_id` = null,  `bedrock_id` = null,  `password` = '$2a$10$kZ4bPIg7VGvwr2DBUtD9euUajnmpFFDhRAHyt/DfISPS/twL7ECsG', `last_ip` = '127.3.70.138', `creation_date` = 2024-12-14 16:55:52.09, `last_seen` = 2026-01-22 18:02:42.634, `email` = null, `discord` = null, `settings` = '{"settings":[{"value":"es","key":"language"}],"version":0}' WHERE `ai` = 1" (applied to [last_seen, settings] columns)
[2026/01/22 18:04:36]: §3[nLogin] [DEBUG] [SQLite] [UPDATE]: "UPDATE `nlogin` SET `last_name` = 'Mdinqt', `unique_id` = f1afec0ddcc839178765ef5f0051b637,  `mojang_id` = null,  `bedrock_id` = null,  `password` = '$2a$10$kZ4bPIg7VGvwr2DBUtD9euUajnmpFFDhRAHyt/DfISPS/twL7ECsG', `last_ip` = '127.3.70.138', `creation_date` = 2024-12-14 16:55:52.09, `last_seen` = 2026-01-22 18:04:36.685, `email` = null, `discord` = null, `settings` = '{"settings":[{"value":"es","key":"language"}],"version":0}' WHERE `ai` = 1" (applied to [last_ip, last_seen, settings] columns)
[2026/01/22 18:04:36]: [nLogin] The user Mdinqt has successfully logged in.
[2026/01/22 20:09:19]: §3[nLogin] [DEBUG] [SQLite] [UPDATE]: "UPDATE `nlogin` SET `last_name` = 'Mdinqt', `unique_id` = f1afec0ddcc839178765ef5f0051b637,  `mojang_id` = null,  `bedrock_id` = null,  `password` = '$2a$10$kZ4bPIg7VGvwr2DBUtD9euUajnmpFFDhRAHyt/DfISPS/twL7ECsG', `last_ip` = '127.3.70.138', `creation_date` = 2024-12-14 16:55:52.09, `last_seen` = 2026-01-22 20:09:19.467, `email` = null, `discord` = null, `settings` = '{"settings":[{"value":"es","key":"language"}],"version":0}' WHERE `ai` = 1" (applied to [last_seen, settings] columns)
[2026/01/22 20:09:26]: [nLogin] Successful plugin core shutdown (took 0.00s)
