[2026/01/12 03:25:39]: §9          __             _       
[2026/01/12 03:25:39]: §9  _ __   / /  ___   __ _(_)_ __  
[2026/01/12 03:25:39]: §9 | '_ \ / /  / _ \ / _` | | '_ \ 
[2026/01/12 03:25:39]: §9 | | | / /__| (_) | (_| | | | | |
[2026/01/12 03:25:39]: §9 |_| |_\____/\___/ \__, |_|_| |_|
[2026/01/12 03:25:39]: §9                  |___/            
[2026/01/12 03:25:39]: §9 By: www.nickuc.com - V 10.4.25
[2026/01/12 03:25:39]: §9 
[2026/01/12 03:25:39]: §3[nLogin] [DEBUG] All settings were loaded in 329 ms.
[2026/01/12 03:25:39]: §3[nLogin] [DEBUG] Loading the messages_es.yml message file...
[2026/01/12 03:25:39]: §3[nLogin] [DEBUG] All plugin messages were loaded in 80 ms (languageByClient=false).
[2026/01/12 03:25:39]: §3[nLogin] [DEBUG] All proxy settings were loaded in 5 ms.
[2026/01/12 03:25:39]: §3[nLogin] [DEBUG] Loading database...
[2026/01/12 03:25:40]: §3[nLogin] [DEBUG] Starting logger filter...
[2026/01/12 03:28:40]: §3[nLogin] [DEBUG] [SQLite] [UPDATE]: "UPDATE `nlogin` SET `last_name` = 'Mdinqt', `unique_id` = f1afec0ddcc839178765ef5f0051b637,  `mojang_id` = null,  `bedrock_id` = null,  `password` = '$2a$10$kZ4bPIg7VGvwr2DBUtD9euUajnmpFFDhRAHyt/DfISPS/twL7ECsG', `last_ip` = '127.3.70.138', `creation_date` = 2024-12-14 16:55:52.09, `last_seen` = 2026-01-12 03:28:40.9, `email` = null, `discord` = null, `settings` = '{"settings":[{"value":"es","key":"language"}],"version":0}' WHERE `ai` = 1" (applied to [last_ip, last_seen, settings] columns)
[2026/01/12 03:28:40]: [nLogin] The user Mdinqt has successfully logged in.
[2026/01/12 03:38:20]: §3[nLogin] [DEBUG] [SQLite] [UPDATE]: "UPDATE `nlogin` SET `last_name` = 'Canonet', `unique_id` = 056ce5ddf2563656989a653cefc37954,  `mojang_id` = null,  `bedrock_id` = null,  `password` = '$2a$10$ajjpJGdvfyX0CRa8fzKS1eCZiDKuIM7AK5Xy9myAT6LzOxdWzUMw.', `last_ip` = '127.168.19.34', `creation_date` = 2026-01-12 01:07:51.457, `last_seen` = 2026-01-12 03:38:20.482, `email` = null, `discord` = null, `settings` = '{"settings":[{"value":"es","key":"language"}],"version":0}' WHERE `ai` = 8" (applied to [last_ip, last_seen, settings] columns)
[2026/01/12 03:38:20]: [nLogin] The user Canonet has successfully logged in.
[2026/01/12 04:03:51]: §3[nLogin] [DEBUG] [SQLite] [UPDATE]: "UPDATE `nlogin` SET `last_name` = 'Mdinqt', `unique_id` = f1afec0ddcc839178765ef5f0051b637,  `mojang_id` = null,  `bedrock_id` = null,  `password` = '$2a$10$kZ4bPIg7VGvwr2DBUtD9euUajnmpFFDhRAHyt/DfISPS/twL7ECsG', `last_ip` = '127.3.70.138', `creation_date` = 2024-12-14 16:55:52.09, `last_seen` = 2026-01-12 04:03:51.132, `email` = null, `discord` = null, `settings` = '{"settings":[{"value":"es","key":"language"}],"version":0}' WHERE `ai` = 1" (applied to [last_seen, settings] columns)
[2026/01/12 04:03:53]: §3[nLogin] [DEBUG] [SQLite] [UPDATE]: "UPDATE `nlogin` SET `last_name` = 'Canonet', `unique_id` = 056ce5ddf2563656989a653cefc37954,  `mojang_id` = null,  `bedrock_id` = null,  `password` = '$2a$10$ajjpJGdvfyX0CRa8fzKS1eCZiDKuIM7AK5Xy9myAT6LzOxdWzUMw.', `last_ip` = '127.168.19.34', `creation_date` = 2026-01-12 01:07:51.457, `last_seen` = 2026-01-12 04:03:53.042, `email` = null, `discord` = null, `settings` = '{"settings":[{"value":"es","key":"language"}],"version":0}' WHERE `ai` = 8" (applied to [last_seen, settings] columns)
[2026/01/12 04:03:56]: [nLogin] Successful plugin core shutdown (took 0.00s)
