[2026/01/31 15:30:52]: §9          __             _       
[2026/01/31 15:30:52]: §9  _ __   / /  ___   __ _(_)_ __  
[2026/01/31 15:30:52]: §9 | '_ \ / /  / _ \ / _` | | '_ \ 
[2026/01/31 15:30:52]: §9 | | | / /__| (_) | (_| | | | | |
[2026/01/31 15:30:52]: §9 |_| |_\____/\___/ \__, |_|_| |_|
[2026/01/31 15:30:52]: §9                  |___/            
[2026/01/31 15:30:52]: §9 By: www.nickuc.com - V 10.4.25
[2026/01/31 15:30:52]: §9 
[2026/01/31 15:30:52]: §3[nLogin] [DEBUG] All settings were loaded in 185 ms.
[2026/01/31 15:30:52]: §3[nLogin] [DEBUG] Loading the messages_es.yml message file...
[2026/01/31 15:30:52]: §3[nLogin] [DEBUG] All plugin messages were loaded in 46 ms (languageByClient=false).
[2026/01/31 15:30:52]: §3[nLogin] [DEBUG] All proxy settings were loaded in 2 ms.
[2026/01/31 15:30:52]: §3[nLogin] [DEBUG] Loading database...
[2026/01/31 15:30:53]: §3[nLogin] [DEBUG] Starting logger filter...
[2026/01/31 15:33:03]: §3[nLogin] [DEBUG] [SQLite] [UPDATE]: "UPDATE `nlogin` SET `last_name` = 'Mdinqt', `unique_id` = f1afec0ddcc839178765ef5f0051b637,  `mojang_id` = null,  `bedrock_id` = null,  `password` = '$2a$10$kZ4bPIg7VGvwr2DBUtD9euUajnmpFFDhRAHyt/DfISPS/twL7ECsG', `last_ip` = '100.92.140.104', `creation_date` = 2024-12-14 16:55:52.09, `last_seen` = 2026-01-31 15:33:03.592, `email` = null, `discord` = null, `settings` = '{"settings":[{"value":"es","key":"language"}],"version":0}' WHERE `ai` = 1" (applied to [last_ip, last_seen, settings] columns)
[2026/01/31 15:33:03]: [nLogin] The user Mdinqt has successfully logged in.
[2026/01/31 16:04:44]: §3[nLogin] [DEBUG] [SQLite] [UPDATE]: "UPDATE `nlogin` SET `last_name` = 'Mdinqt', `unique_id` = f1afec0ddcc839178765ef5f0051b637,  `mojang_id` = null,  `bedrock_id` = null,  `password` = '$2a$10$kZ4bPIg7VGvwr2DBUtD9euUajnmpFFDhRAHyt/DfISPS/twL7ECsG', `last_ip` = '100.92.140.104', `creation_date` = 2024-12-14 16:55:52.09, `last_seen` = 2026-01-31 16:04:44.294, `email` = null, `discord` = null, `settings` = '{"settings":[{"value":"es","key":"language"}],"version":0}' WHERE `ai` = 1" (applied to [last_seen, settings] columns)
[2026/01/31 16:05:44]: §3[nLogin] [DEBUG] [SQLite] [UPDATE]: "UPDATE `nlogin` SET `last_name` = 'Mdinqt', `unique_id` = f1afec0ddcc839178765ef5f0051b637,  `mojang_id` = null,  `bedrock_id` = null,  `password` = '$2a$10$kZ4bPIg7VGvwr2DBUtD9euUajnmpFFDhRAHyt/DfISPS/twL7ECsG', `last_ip` = '100.92.140.104', `creation_date` = 2024-12-14 16:55:52.09, `last_seen` = 2026-01-31 16:05:44.88, `email` = null, `discord` = null, `settings` = '{"settings":[{"value":"es","key":"language"}],"version":0}' WHERE `ai` = 1" (applied to [last_ip, last_seen, settings] columns)
[2026/01/31 16:05:44]: [nLogin] The user Mdinqt has successfully logged in.
[2026/01/31 16:44:42]: §3[nLogin] [DEBUG] [SQLite] [UPDATE]: "UPDATE `nlogin` SET `last_name` = 'Mdinqt', `unique_id` = f1afec0ddcc839178765ef5f0051b637,  `mojang_id` = null,  `bedrock_id` = null,  `password` = '$2a$10$kZ4bPIg7VGvwr2DBUtD9euUajnmpFFDhRAHyt/DfISPS/twL7ECsG', `last_ip` = '100.92.140.104', `creation_date` = 2024-12-14 16:55:52.09, `last_seen` = 2026-01-31 16:44:42.678, `email` = null, `discord` = null, `settings` = '{"settings":[{"value":"es","key":"language"}],"version":0}' WHERE `ai` = 1" (applied to [last_seen, settings] columns)
[2026/01/31 16:45:52]: [nLogin] Successful plugin core shutdown (took 0.06s)
