[2026/02/12 16:48:09]: §9          __             _       
[2026/02/12 16:48:09]: §9  _ __   / /  ___   __ _(_)_ __  
[2026/02/12 16:48:09]: §9 | '_ \ / /  / _ \ / _` | | '_ \ 
[2026/02/12 16:48:09]: §9 | | | / /__| (_) | (_| | | | | |
[2026/02/12 16:48:09]: §9 |_| |_\____/\___/ \__, |_|_| |_|
[2026/02/12 16:48:09]: §9                  |___/            
[2026/02/12 16:48:09]: §9 By: www.nickuc.com - V 10.4.25
[2026/02/12 16:48:09]: §9 
[2026/02/12 16:48:09]: [nLogin] Download finished (took 929ms, hash = a88c660f291c4f5e604c455ca423d97478b8562a783765351030536fd0e0407a)
[2026/02/12 16:48:09]: §3[nLogin] [DEBUG] All settings were loaded in 244 ms.
[2026/02/12 16:48:09]: §3[nLogin] [DEBUG] Loading the messages_es.yml message file...
[2026/02/12 16:48:09]: §3[nLogin] [DEBUG] All plugin messages were loaded in 70 ms (languageByClient=false).
[2026/02/12 16:48:09]: §3[nLogin] [DEBUG] All proxy settings were loaded in 3 ms.
[2026/02/12 16:48:09]: §3[nLogin] [DEBUG] Loading database...
[2026/02/12 16:48:10]: §3[nLogin] [DEBUG] Starting logger filter...
[2026/02/12 16:57:06]: [nLogin] The user Mdinqt has successfully logged in.
[2026/02/12 16:57:11]: §3[nLogin] [DEBUG] [SQLite] [UPDATE]: "UPDATE `nlogin` SET `last_name` = 'Mdinqt', `unique_id` = f1afec0ddcc839178765ef5f0051b637,  `mojang_id` = null,  `bedrock_id` = null,  `password` = '$2a$10$kZ4bPIg7VGvwr2DBUtD9euUajnmpFFDhRAHyt/DfISPS/twL7ECsG', `last_ip` = '100.92.140.104', `creation_date` = 2024-12-14 16:55:52.09, `last_seen` = 2026-02-12 16:57:11.903, `email` = null, `discord` = null, `settings` = '{"settings":[{"value":"es","key":"language"}],"version":0}' WHERE `ai` = 1" (applied to [last_ip, last_seen, settings] columns)
[2026/02/12 19:33:16]: §3[nLogin] [DEBUG] [SQLite] [UPDATE]: "UPDATE `nlogin` SET `last_name` = 'Mdinqt', `unique_id` = f1afec0ddcc839178765ef5f0051b637,  `mojang_id` = null,  `bedrock_id` = null,  `password` = '$2a$10$kZ4bPIg7VGvwr2DBUtD9euUajnmpFFDhRAHyt/DfISPS/twL7ECsG', `last_ip` = '100.92.140.104', `creation_date` = 2024-12-14 16:55:52.09, `last_seen` = 2026-02-12 19:33:16.379, `email` = null, `discord` = null, `settings` = '{"settings":[{"value":"es","key":"language"}],"version":0}' WHERE `ai` = 1" (applied to [last_seen, settings] columns)
[2026/02/12 19:33:19]: [nLogin] Update was successfully queued, do not forcibly stop your server. (v10.4.25 5008a0 => v10.4.27 84e4f7)
[2026/02/12 19:33:19]: [nLogin] Successful plugin core shutdown (took 0.11s)
